// Vitest Snapshot v1, https://vitest.dev/guide/snapshot.html

exports[`tsc 1`] = `
"// entry1.d.ts

//#region tests/fixtures/tsc/mod.d.ts
declare const str = "foo";
declare const num = 42;
declare const bool = true;
declare function fn(arg: typeof str): "foo" | 1;

//#endregion
export { bool, fn, num, str };
// entry2.d.ts

//#region tests/fixtures/tsc/entry2.d.ts
interface Unused {
    foo: string;
}

//#endregion
export { Unused };"
`;
